// Jest Snapshot v1, https://goo.gl/fbAQLP

exports[`NotFound should match the snapshot 1`] = `
<section
  className="notFound-wrapper"
>
  <h1>
    404 Page Not Found
  </h1>
</section>
`;
