// Jest Snapshot v1, https://goo.gl/fbAQLP

exports[`TicketDashboard should match the snapshot 1`] = `
<main>
  <Connect(CardContainer) />
</main>
`;
