// Jest Snapshot v1, https://goo.gl/fbAQLP

exports[`Error should match the snapshot 1`] = `
<section>
  <h1>
    404 Page Not Found
  </h1>
</section>
`;
